2026-08-24 10:23:00 手动补跑完成（口径改为当日趋势）
2026-08-24 11:52:04 午后任务开始
2026-08-24 11:57:52 午后复核完成: 实时价 4645.00 距基准 +0.02% 方向在轨(涨/大) 维持原判 面板已推送
2026-08-24 15:45:18 午后任务开始
2026-08-24 15:52:48 午后复核完成: 实时价 4636.40 距基准 -0.16% 方向暂偏离(涨/大) 维持原判 面板已推送
2026-08-25 06:30:57 晨间任务开始
步骤1完成
步骤2完成
步骤3完成
步骤4完成
步骤5完成
步骤6完成
2026-08-25 16:15:16 午后任务开始
2026-08-25 16:20:37 午后复核完成: 实时$4627.70(-0.67%) 方向偏离/幅度中档 维持原判(涨/中) 报告+面板已推送
2026-08-26 06:31:05 晨间任务开始
步骤1a完成(结算)
步骤1b完成(校准)
步骤2完成(采集)
步骤3完成(基线)
步骤4完成(预测+报告+日志)
步骤5完成(面板+部署)
2026-08-26 10:09:32 推理方法校准: 方向3/3 档位1/3偏大→增设5条档位校准规则(README+config)
2026-08-26 15:36:04 午后任务开始
2026-08-27 06:30:47 晨间任务开始
2026-08-27 06:31:27 步骤1完成
2026-08-27 06:31:46 步骤2完成
2026-08-27 06:31:54 步骤3完成
2026-08-27 06:36:51 步骤4完成
2026-08-27 06:37:08 步骤5完成
2026-08-27 06:37:08 步骤6完成
2026-08-27 15:35:50 午后任务开始
2026-08-27 15:38:41 午后复核完成(维持原判:跌/小,-0.33%在轨)已推送
2026-08-28 06:31:35 晨间任务开始
步骤1完成
步骤3完成
步骤4完成
步骤5完成
步骤6完成
2026-08-28 15:36:06 午后任务开始
2026-08-28 15:37:03 步骤1完成(午后补采)
2026-08-28 15:38:49 步骤3完成(报告复核小节)
2026-08-28 15:39:17 午后复核完成: 实时$4613.30(+0.10%) 方向暂偏离/档位小档在轨 维持原判(跌/小) 报告+面板已推送
2026-08-29 06:30:43 晨间任务开始
步骤1a完成(settle rc=0)
步骤1b完成(calibration rc=0)
步骤1完成
步骤5完成
步骤6完成(周六精简流程:结算+校准+面板部署,跳过采集/基线/新预测)
2026-08-29 15:35:55 午后任务开始
2026-08-29 15:36:22 午后复核结束：周六休市（黄金周六05:00收盘），且log.xlsx无目标日期=2026-08-29在途预测行，周末守卫触发，跳过补采/复核
2026-08-30 06:30:51 晨间任务开始
周日休市
步骤5完成
2026-08-30 15:36:46 午后任务开始
2026-08-30 15:37:19 周日休市+无今日在途预测行，午后复核按守卫结束（仅刷面板推送）
2026-08-31 06:31:07 晨间任务开始
步骤1完成
步骤3完成
步骤4完成
步骤5完成
步骤6完成
2026-08-31 15:36:20 午后任务开始
2026-09-01 06:30:49 晨间任务开始
步骤1a完成(settle)
步骤1b完成(calibration)
步骤2完成(collect,首跑缺key已带key重跑)
步骤3完成(baseline)
步骤4a完成(报告+日志)
步骤4b完成(recalc)
步骤5a完成(build_dashboard)
步骤5完成(deploy成功)
步骤6完成(晨间流程全部结束)
2026-09-01 15:37:15 午后任务开始
2026-09-01 15:38:57 午后补采完成
2026-09-01 15:42:16 午后复核小节已追加
2026-09-01 15:42:40 午后任务完成（面板已刷，部署退出码见上）
2026-09-02 06:31:08 晨间任务开始
步骤1完成
步骤3完成
步骤4完成
步骤5完成
步骤6完成
2026-09-02 15:36:32 午后任务开始
2026-09-02 15:44:15 午后复核完成: 维持原判(跌/中) 实时$4328.00(-0.03%) 追加predictions/2026-09-02.md午后复核节
2026-09-03 15:36:31 午后任务开始
2026-09-03 15:37:57 午后复核提前结束：log.xlsx 无目标日期=2026-09-03 的在途预测行（今晨流水线未运行，最新预测行为 2026-09-02），仅刷面板部署后结束
2026-09-04 06:30:53 晨间任务开始
2026-09-04 06:36:53 步骤1完成(含09-02行补结算:实际4386.49/+1.33%/涨/大/双错;校准9/20)
2026-09-04 06:37:05 步骤2完成
2026-09-04 06:37:13 步骤3完成
2026-09-04 06:43:49 步骤4完成(报告predictions/2026-09-04.md+log.xlsx行11:涨/中/60%)
2026-09-04 06:44:16 步骤5完成(部署退出码0)
步骤6完成
2026-09-04 06:44:31 晨间任务完成(涨/中/60%,基准4474,部署成功)
2026-09-04 15:36:10 午后任务开始
2026-09-05 06:30:57 晨间任务开始
步骤1完成
步骤5完成
2026-09-05 15:36:34 午后任务开始
2026-09-05 15:38:14 午后复核提前结束：周末休市（周六），且 log.xlsx 无目标日期=2026-09-05 的在途预测行（最新行 2026-09-04 已于今晨 06:30 结算），仅刷面板部署后结束
2026-09-06 06:31:29 晨间任务开始
周日休市
步骤5完成
2026-09-06 15:36:35 午后任务开始
2026-09-06 15:37:30 午后周末守卫触发: 北京时间2026-09-06为周日(周末休市),且log.xlsx无目标日期=今天的在途预测行,午后复核按规则结束(不采集/不改日志)
2026-09-06 15:37:57 第4步完成: 面板已刷新(周末守卫路径)
2026-09-07 06:31:02 晨间任务开始
步骤1完成
步骤3完成
步骤4完成
2026-09-07 06:39:24 步骤5完成(部署退出码0)
步骤6完成
2026-09-07 06:39:24 晨间任务完成(涨/中/55%,基准4429.3,部署成功)
2026-09-07 15:36:00 午后任务开始
2026-09-07 15:38:58 午后任务完成(实时4398.7,-0.69%,偏离-建议关注,部署成功)
2026-09-08 06:31:04 晨间任务开始
步骤1完成
步骤3完成
步骤4完成
2026-09-08 06:37:08 步骤5完成(部署退出码0)
步骤6完成
2026-09-08 06:37:08 晨间任务完成(涨/中/55%,基准4410.2,部署成功)
2026-09-08 15:35:37 午后任务开始
2026-09-09 06:31:18 晨间任务开始
步骤1完成
步骤3完成
步骤4完成
步骤5完成(部署退出码0)
步骤6完成
2026-09-09 06:38:18 晨间任务完成(跌/中/60%,基准4356.7,部署成功)
2026-09-09 15:36:27 午后任务开始
2026-09-10 06:31:14 晨间任务开始
步骤1完成
步骤3完成
步骤4完成
步骤5完成
步骤6完成
2026-09-10 15:35:37 午后任务开始
2026-09-10 15:37:25 午后复核完成: 实时价$4405.7 (+0.05%), 追踪=档位在轨/方向微偏, 维持原判(跌/小), 已推送
2026-09-11 06:31:18 晨间任务开始
步骤1完成
步骤3完成
步骤4完成
步骤5完成
2026-09-11 06:37:14 晨间任务完成
2026-09-11 15:38:36 午后任务开始
2026-09-11 15:42:42 午后补采+复核小节完成
2026-09-12 06:31:05 晨间任务开始
步骤1完成
步骤5完成
2026-09-12 15:35:47 午后任务开始
2026-09-12 15:36:32 周末守卫触发：今天周六且无目标日期=今天的在途预测行，午后复核跳过（周末休市，无在途预测）
2026-09-13 06:31:03 晨间任务开始
周日休市
步骤5完成
2026-09-13 15:36:23 午后任务开始
2026-09-13 15:37:15 周末守卫触发：北京时间为周日，黄金休市（周六05:00-周一06:00），且无目标日期=今天的在途预测行，午后复核结束
2026-09-14 06:31:27 晨间任务开始
步骤1完成
步骤3完成
步骤4完成
步骤5完成
2026-09-14 06:43:28 晨间任务完成
2026-09-14 15:36:08 午后任务开始
2026-09-14 15:38:20 午后步骤1-3完成(补采+追踪+追加复核)
2026-09-14 15:38:36 午后任务完成(面板已构建,已推送Pages)
2026-09-15 06:30:47 晨间任务开始
步骤1完成
步骤3完成
步骤4完成
2026-09-15 15:36:40 午后任务开始
2026-09-15 15:37:29 午后补采完成
2026-09-15 15:39:20 午后复核小节已写入
2026-09-15 15:39:37 面板刷新+部署完成(退出码0)
2026-09-16 06:30:25 晨间任务开始
步骤1完成
步骤2完成
步骤3完成
步骤4完成
步骤5完成
2026-09-16 15:37:22 午后任务开始
步骤1完成
步骤4完成
2026-09-16 15:44:39 面板刷新+部署完成(退出码0)
2026-09-17 06:31:26 晨间任务开始
步骤1完成
2026-09-17 06:34:49 结算修正:9/16行凌晨01:00Actions提前结算(中段价4347.9)按口径修正为4267.70并recalc
步骤2完成
步骤3完成
步骤4完成
步骤5完成
2026-09-17 06:43:43 晨间任务完成(9/16结算√√,9/17新预测跌/中55%,校准18/20,面板已推送Pages)
2026-09-17 15:36:28 午后任务开始
2026-09-18 06:31:08 晨间任务开始
步骤1a完成(settle)
步骤1b完成(结算修正:9/17行凌晨Actions提前结算中段价4367.8按口径修正为4346.90并recalc)
步骤1c完成(calibration)
步骤2完成(collect)
步骤3完成(baseline)
步骤4完成(推理+报告predictions/2026-09-18.md+log日志第21行+recalc)
步骤5完成(面板+部署)
2026-09-18 06:38:27 面板刷新+部署完成(退出码0)
2026-09-18 06:38:27 晨间任务完成(9/17结算××:实际+1.78%涨/大vs预测跌/中,9/18新预测涨/中55%,校准19/20,面板已推送Pages)
2026-09-18 15:36:26 午后任务开始
2026-09-18 15:39:02 午后复核: 面板已刷新
2026-09-19 06:31:19 晨间任务开始
步骤1完成(结算9/18√双对+校准达标20/20出报告)
步骤5完成(面板刷新+部署推送)
步骤6完成(周六简报收尾)
2026-09-19 15:37:07 午后任务开始
2026-09-19 15:38:23 周末守卫触发：周六休市+预测日志无今日在途行，午后复核跳过（不采集/不改日志/不追加复核小节）
2026-09-20 06:31:13 晨间任务开始
周日休市
步骤5完成(周日休市:面板刷新+runs.log推送)
2026-09-20 15:36:35 午后任务开始
2026-09-20 15:37:19 结束原因：今日为周日（周末休市：周六05:00收盘至周一约06:00），且预测日志无目标日期=2026-09-20 的在途预测行，午后复核按守卫规则跳过（未补采、未追加复核小节、未改动 log.xlsx）
2026-09-21 06:32:16 晨间任务开始
步骤1a完成(结算)
步骤1b完成(calibration)
步骤2完成(collect)
步骤3完成(baseline)
步骤4完成(推理+报告predictions/2026-09-21.md+log日志第22行+recalc)
步骤5完成(面板+部署)
2026-09-21 06:57:02 晨间任务完成(昨日周日休市无待结算行,9/21新预测跌/中55%,校准样本20/20达标·校准良好+4.0pp偏保守Brier0.244,面板已推送Pages)
2026-09-21 15:36:40 午后任务开始
2026-09-21 15:40:31 午后复核: 在轨(跌/中,-0.53%,$4354.10),面板已刷新,维持原判
2026-09-22 06:31:04 晨间任务开始
步骤1完成
步骤2完成
步骤3完成
步骤4完成
步骤5完成
步骤6完成
2026-09-22 15:37:35 午后任务开始
2026-09-22 15:43:10 午后复核: 在轨(跌/中,-0.91%,,314.50),面板已刷新,维持原判
2026-09-23 06:30:49 晨间任务开始
2026-09-23 06:32:02 步骤1完成(settle+calibration:9/22结算实际.70押跌中实际涨小双×;校准22/20良好+3.2pp,Brier0.2448,报告calibration_2026-09-23.md)
2026-09-23 06:32:17 步骤2完成(collect:实时$4364.70,5组新闻,存2026-09-23_collect.json)
2026-09-23 06:32:31 步骤3完成(baseline:LBMA末收$4324.25,20日-5.63%趋势跌,档位分布小17%/中37%/大46%)
2026-09-23 06:40:46 步骤4完成(推理+报告predictions/2026-09-23.md+日志第24行:涨/小/55%,基准$4364.70,recalc零错误)
2026-09-23 06:41:11 步骤5完成(dashboard已刷新23行/22结算,deploy推送成功,Pages构建中)
